Loading db file '/research/ece/lnis-teaching/Designkits/tsmc180nm/full_custom_lib/lib/sclib_tsmc180_ss_nldm.db'
Information: Propagating switching activity (low effort zero delay simulation). (PWR-6)
Warning: Design has unannotated primary inputs. (PWR-414)
Warning: Design has unannotated sequential cell outputs. (PWR-415)
 
****************************************
Report : power
        -analysis_effort low
Design : MAU
Version: P-2019.03-SP5
Date   : Thu Dec  1 16:03:59 2022
****************************************


Library(s) Used:

    sclib_tsmc180_ss (File: /research/ece/lnis-teaching/Designkits/tsmc180nm/full_custom_lib/lib/sclib_tsmc180_ss_nldm.db)


Operating Conditions: PVT_1P8V_25C   Library: sclib_tsmc180_ss
Wire Load Model Mode: top


Global Operating Voltage = 1.8  
Power-specific unit information :
    Voltage Units = 1V
    Capacitance Units = 1.000000pf
    Time Units = 1ns
    Dynamic Power Units = 1mW    (derived from V,C,T units)
    Leakage Power Units = 1nW


  Cell Internal Power  =   9.4928 mW   (75%)
  Net Switching Power  =   3.2048 mW   (25%)
                         ---------
Total Dynamic Power    =  12.6977 mW  (100%)

Cell Leakage Power     =   1.5023 uW


                 Internal         Switching           Leakage            Total
Power Group      Power            Power               Power              Power   (   %    )  Attrs
--------------------------------------------------------------------------------------------------
io_pad             0.0000            0.0000            0.0000            0.0000  (   0.00%)
memory             0.0000            0.0000            0.0000            0.0000  (   0.00%)
black_box          0.0000            0.0000            0.0000            0.0000  (   0.00%)
clock_network      0.0000            0.0000            0.0000            0.0000  (   0.00%)
register           5.0323        1.3576e-02          154.6352            5.0460  (  39.73%)
sequential         0.0000            0.0000            0.0000            0.0000  (   0.00%)
combinational      4.4606            3.1911        1.3477e+03            7.6537  (  60.27%)
--------------------------------------------------------------------------------------------------
Total              9.4929 mW         3.2047 mW     1.5023e+03 nW        12.6997 mW
1
