Loading db file '/research/ece/lnis-teaching/Designkits/tsmc180nm/full_custom_lib/lib/sclib_tsmc180_ss_nldm.db'
Information: Propagating switching activity (low effort zero delay simulation). (PWR-6)
Warning: Design has unannotated primary inputs. (PWR-414)
Warning: Design has unannotated sequential cell outputs. (PWR-415)
 
****************************************
Report : power
        -analysis_effort low
Design : MAU
Version: P-2019.03-SP5
Date   : Fri Dec  2 12:58:21 2022
****************************************


Library(s) Used:

    sclib_tsmc180_ss (File: /research/ece/lnis-teaching/Designkits/tsmc180nm/full_custom_lib/lib/sclib_tsmc180_ss_nldm.db)


Operating Conditions: PVT_1P8V_25C   Library: sclib_tsmc180_ss
Wire Load Model Mode: top


Global Operating Voltage = 1.8  
Power-specific unit information :
    Voltage Units = 1V
    Capacitance Units = 1.000000pf
    Time Units = 1ns
    Dynamic Power Units = 1mW    (derived from V,C,T units)
    Leakage Power Units = 1nW


  Cell Internal Power  =   3.7974 mW   (75%)
  Net Switching Power  =   1.2907 mW   (25%)
                         ---------
Total Dynamic Power    =   5.0881 mW  (100%)

Cell Leakage Power     =   1.5024 uW


                 Internal         Switching           Leakage            Total
Power Group      Power            Power               Power              Power   (   %    )  Attrs
--------------------------------------------------------------------------------------------------
io_pad             0.0000            0.0000            0.0000            0.0000  (   0.00%)
memory             0.0000            0.0000            0.0000            0.0000  (   0.00%)
black_box          0.0000            0.0000            0.0000            0.0000  (   0.00%)
clock_network      0.0000            0.0000            0.0000            0.0000  (   0.00%)
register           2.0129        5.4238e-03          154.6352            2.0185  (  39.66%)
sequential         0.0000            0.0000            0.0000            0.0000  (   0.00%)
combinational      1.7845            1.2853        1.3478e+03            3.0707  (  60.34%)
--------------------------------------------------------------------------------------------------
Total              3.7975 mW         1.2907 mW     1.5024e+03 nW         5.0892 mW
1
