 
****************************************
Report : area
Design : MAU
Version: P-2019.03-SP5
Date   : Thu Dec  1 16:03:57 2022
****************************************

Library(s) Used:

    sclib_tsmc180_ss (File: /research/ece/lnis-teaching/Designkits/tsmc180nm/full_custom_lib/lib/sclib_tsmc180_ss_nldm.db)

Number of ports:                        25063
Number of nets:                        120248
Number of cells:                        95120
Number of combinational cells:          92831
Number of sequential cells:              2083
Number of macros/black boxes:               0
Number of buf/inv:                       6490
Number of references:                      14

Combinational area:            1270099.466761
Buf/Inv area:                    53684.479568
Noncombinational area:          111888.521687
Macro/Black Box area:                0.000000
Net Interconnect area:      undefined  (No wire load specified)

Total cell area:               1381987.988447
Total area:                 undefined
1
