    Hinst Name                    Module Name                           Inst Count           Total Area
----------------------------------------------------------------------------------------------------
MAU_mapped_pads                                                             101685          2118293.242
 MAU_dut                          MAU                                       101634          1291960.813
  MAU_dut/AA_MUX                  mux4to1_num_bits512_0                       3257            38907.725
  MAU_dut/ADDER                   Adder_num_bits512                           2819            43155.437
   MAU_dut/ADDER/add_10           Adder_num_bits512_DW01_add_63                 44              673.926
   MAU_dut/ADDER/add_10_G10       Adder_num_bits512_DW01_add_54                 44              673.926
   MAU_dut/ADDER/add_10_G11       Adder_num_bits512_DW01_add_53                 44              673.926
   MAU_dut/ADDER/add_10_G12       Adder_num_bits512_DW01_add_52                 44              673.926
   MAU_dut/ADDER/add_10_G13       Adder_num_bits512_DW01_add_51                 44              673.926
   MAU_dut/ADDER/add_10_G14       Adder_num_bits512_DW01_add_50                 44              673.926
   MAU_dut/ADDER/add_10_G15       Adder_num_bits512_DW01_add_49                 44              673.926
   MAU_dut/ADDER/add_10_G16       Adder_num_bits512_DW01_add_48                 44              673.926
   MAU_dut/ADDER/add_10_G17       Adder_num_bits512_DW01_add_47                 44              673.926
   MAU_dut/ADDER/add_10_G18       Adder_num_bits512_DW01_add_46                 44              673.926
   MAU_dut/ADDER/add_10_G19       Adder_num_bits512_DW01_add_45                 44              673.926
   MAU_dut/ADDER/add_10_G2        Adder_num_bits512_DW01_add_62                 45              680.512
   MAU_dut/ADDER/add_10_G20       Adder_num_bits512_DW01_add_44                 44              673.926
   MAU_dut/ADDER/add_10_G21       Adder_num_bits512_DW01_add_43                 44              673.926
   MAU_dut/ADDER/add_10_G22       Adder_num_bits512_DW01_add_42                 44              673.926
   MAU_dut/ADDER/add_10_G23       Adder_num_bits512_DW01_add_41                 44              673.926
   MAU_dut/ADDER/add_10_G24       Adder_num_bits512_DW01_add_40                 44              673.926
   MAU_dut/ADDER/add_10_G25       Adder_num_bits512_DW01_add_39                 44              673.926
   MAU_dut/ADDER/add_10_G26       Adder_num_bits512_DW01_add_38                 44              673.926
   MAU_dut/ADDER/add_10_G27       Adder_num_bits512_DW01_add_37                 44              673.926
   MAU_dut/ADDER/add_10_G28       Adder_num_bits512_DW01_add_36                 44              673.926
   MAU_dut/ADDER/add_10_G29       Adder_num_bits512_DW01_add_35                 45              680.512
   MAU_dut/ADDER/add_10_G3        Adder_num_bits512_DW01_add_61                 44              673.926
   MAU_dut/ADDER/add_10_G30       Adder_num_bits512_DW01_add_34                 44              673.926
   MAU_dut/ADDER/add_10_G31       Adder_num_bits512_DW01_add_33                 44              673.926
   MAU_dut/ADDER/add_10_G32       Adder_num_bits512_DW01_add_32                 44              673.926
   MAU_dut/ADDER/add_10_G33       Adder_num_bits512_DW01_add_31                 44              673.926
   MAU_dut/ADDER/add_10_G34       Adder_num_bits512_DW01_add_30                 44              673.926
   MAU_dut/ADDER/add_10_G35       Adder_num_bits512_DW01_add_29                 44              673.926
   MAU_dut/ADDER/add_10_G36       Adder_num_bits512_DW01_add_28                 44              673.926
   MAU_dut/ADDER/add_10_G37       Adder_num_bits512_DW01_add_27                 44              673.926
   MAU_dut/ADDER/add_10_G38       Adder_num_bits512_DW01_add_26                 43              667.341
   MAU_dut/ADDER/add_10_G39       Adder_num_bits512_DW01_add_25                 44              673.926
   MAU_dut/ADDER/add_10_G4        Adder_num_bits512_DW01_add_60                 44              673.926
   MAU_dut/ADDER/add_10_G40       Adder_num_bits512_DW01_add_24                 44              673.926
   MAU_dut/ADDER/add_10_G41       Adder_num_bits512_DW01_add_23                 44              673.926
   MAU_dut/ADDER/add_10_G42       Adder_num_bits512_DW01_add_22                 44              673.926
   MAU_dut/ADDER/add_10_G43       Adder_num_bits512_DW01_add_21                 44              673.926
   MAU_dut/ADDER/add_10_G44       Adder_num_bits512_DW01_add_20                 44              673.926
   MAU_dut/ADDER/add_10_G45       Adder_num_bits512_DW01_add_19                 44              673.926
   MAU_dut/ADDER/add_10_G46       Adder_num_bits512_DW01_add_18                 45              684.902
   MAU_dut/ADDER/add_10_G47       Adder_num_bits512_DW01_add_17                 44              673.926
   MAU_dut/ADDER/add_10_G48       Adder_num_bits512_DW01_add_16                 44              673.926
   MAU_dut/ADDER/add_10_G49       Adder_num_bits512_DW01_add_15                 44              673.926
   MAU_dut/ADDER/add_10_G5        Adder_num_bits512_DW01_add_59                 44              673.926
   MAU_dut/ADDER/add_10_G50       Adder_num_bits512_DW01_add_14                 44              673.926
   MAU_dut/ADDER/add_10_G51       Adder_num_bits512_DW01_add_13                 44              673.926
   MAU_dut/ADDER/add_10_G52       Adder_num_bits512_DW01_add_12                 44              673.926
   MAU_dut/ADDER/add_10_G53       Adder_num_bits512_DW01_add_11                 44              673.926
   MAU_dut/ADDER/add_10_G54       Adder_num_bits512_DW01_add_10                 44              673.926
   MAU_dut/ADDER/add_10_G55       Adder_num_bits512_DW01_add_9                  44              673.926
   MAU_dut/ADDER/add_10_G56       Adder_num_bits512_DW01_add_8                  44              673.926
   MAU_dut/ADDER/add_10_G57       Adder_num_bits512_DW01_add_7                  44              673.926
   MAU_dut/ADDER/add_10_G58       Adder_num_bits512_DW01_add_6                  44              673.926
   MAU_dut/ADDER/add_10_G59       Adder_num_bits512_DW01_add_5                  44              673.926
   MAU_dut/ADDER/add_10_G6        Adder_num_bits512_DW01_add_58                 44              673.926
   MAU_dut/ADDER/add_10_G60       Adder_num_bits512_DW01_add_4                  44              673.926
   MAU_dut/ADDER/add_10_G61       Adder_num_bits512_DW01_add_3                  45              680.512
   MAU_dut/ADDER/add_10_G62       Adder_num_bits512_DW01_add_2                  44              673.926
   MAU_dut/ADDER/add_10_G63       Adder_num_bits512_DW01_add_1                  44              673.926
   MAU_dut/ADDER/add_10_G64       Adder_num_bits512_DW01_add_0                  44              673.926
   MAU_dut/ADDER/add_10_G7        Adder_num_bits512_DW01_add_57                 44              673.926
   MAU_dut/ADDER/add_10_G8        Adder_num_bits512_DW01_add_56                 44              673.926
   MAU_dut/ADDER/add_10_G9        Adder_num_bits512_DW01_add_55                 44              673.926
  MAU_dut/ARITHMETIC_MUX          mux4to1_num_bits512_1                       3283            38920.896
  MAU_dut/B0                      bram_num_bits512_0                         17490           215107.648
  MAU_dut/B1                      bram_num_bits512_3                         17394           214238.349
  MAU_dut/B2                      bram_num_bits512_2                         17486           214995.693
  MAU_dut/B3                      bram_num_bits512_1                         17474           214837.638
  MAU_dut/BRAM_IN_MUX             mux2to1_num_bits512                         1618            17546.234
  MAU_dut/CHIP_FSM                FSM_num_bits512                              244             4994.080
  MAU_dut/DD_MUX                  mux4to1_num_bits512_2                       3251            38659.667
  MAU_dut/HOST_OUT_MUX            mux4to1_num_bits8                             54              636.608
  MAU_dut/MULTIPLIER              Multiplier_num_bits512                      9093           142369.696
   MAU_dut/MULTIPLIER/mult_10     Multiplier_num_bits512_DW_mult_uns_59        142             2223.738
   MAU_dut/MULTIPLIER/mult_10_G10 Multiplier_num_bits512_DW_mult_uns_58        142             2223.738
   MAU_dut/MULTIPLIER/mult_10_G11 Multiplier_num_bits512_DW_mult_uns_60        142             2223.738
   MAU_dut/MULTIPLIER/mult_10_G12 Multiplier_num_bits512_DW_mult_uns_61        142             2223.738
   MAU_dut/MULTIPLIER/mult_10_G13 Multiplier_num_bits512_DW_mult_uns_62        142             2223.738
   MAU_dut/MULTIPLIER/mult_10_G14 Multiplier_num_bits512_DW_mult_uns_0         142             2223.738
   MAU_dut/MULTIPLIER/mult_10_G15 Multiplier_num_bits512_DW_mult_uns_1         142             2223.738
   MAU_dut/MULTIPLIER/mult_10_G16 Multiplier_num_bits512_DW_mult_uns_2         142             2223.738
   MAU_dut/MULTIPLIER/mult_10_G17 Multiplier_num_bits512_DW_mult_uns_3         142             2223.738
   MAU_dut/MULTIPLIER/mult_10_G18 Multiplier_num_bits512_DW_mult_uns_4         142             2223.738
   MAU_dut/MULTIPLIER/mult_10_G19 Multiplier_num_bits512_DW_mult_uns_5         142             2223.738
   MAU_dut/MULTIPLIER/mult_10_G2  Multiplier_num_bits512_DW_mult_uns_63        144             2241.299
   MAU_dut/MULTIPLIER/mult_10_G20 Multiplier_num_bits512_DW_mult_uns_6         142             2223.738
   MAU_dut/MULTIPLIER/mult_10_G21 Multiplier_num_bits512_DW_mult_uns_7         142             2223.738
   MAU_dut/MULTIPLIER/mult_10_G22 Multiplier_num_bits512_DW_mult_uns_8         142             2223.738
   MAU_dut/MULTIPLIER/mult_10_G23 Multiplier_num_bits512_DW_mult_uns_9         142             2223.738
   MAU_dut/MULTIPLIER/mult_10_G24 Multiplier_num_bits512_DW_mult_uns_10        142             2223.738
   MAU_dut/MULTIPLIER/mult_10_G25 Multiplier_num_bits512_DW_mult_uns_11        142             2223.738
   MAU_dut/MULTIPLIER/mult_10_G26 Multiplier_num_bits512_DW_mult_uns_12        142             2223.738
   MAU_dut/MULTIPLIER/mult_10_G27 Multiplier_num_bits512_DW_mult_uns_13        144             2245.690
   MAU_dut/MULTIPLIER/mult_10_G28 Multiplier_num_bits512_DW_mult_uns_14        142             2223.738
   MAU_dut/MULTIPLIER/mult_10_G29 Multiplier_num_bits512_DW_mult_uns_15        142             2223.738
   MAU_dut/MULTIPLIER/mult_10_G3  Multiplier_num_bits512_DW_mult_uns_17        142             2223.738
   MAU_dut/MULTIPLIER/mult_10_G30 Multiplier_num_bits512_DW_mult_uns_16        142             2223.738
   MAU_dut/MULTIPLIER/mult_10_G31 Multiplier_num_bits512_DW_mult_uns_18        142             2223.738
   MAU_dut/MULTIPLIER/mult_10_G32 Multiplier_num_bits512_DW_mult_uns_19        142             2223.738
   MAU_dut/MULTIPLIER/mult_10_G33 Multiplier_num_bits512_DW_mult_uns_20        142             2223.738
   MAU_dut/MULTIPLIER/mult_10_G34 Multiplier_num_bits512_DW_mult_uns_21        142             2223.738
   MAU_dut/MULTIPLIER/mult_10_G35 Multiplier_num_bits512_DW_mult_uns_22        142             2223.738
   MAU_dut/MULTIPLIER/mult_10_G36 Multiplier_num_bits512_DW_mult_uns_23        142             2223.738
   MAU_dut/MULTIPLIER/mult_10_G37 Multiplier_num_bits512_DW_mult_uns_24        142             2223.738
   MAU_dut/MULTIPLIER/mult_10_G38 Multiplier_num_bits512_DW_mult_uns_25        142             2223.738
   MAU_dut/MULTIPLIER/mult_10_G39 Multiplier_num_bits512_DW_mult_uns_26        142             2223.738
   MAU_dut/MULTIPLIER/mult_10_G4  Multiplier_num_bits512_DW_mult_uns_28        142             2223.738
   MAU_dut/MULTIPLIER/mult_10_G40 Multiplier_num_bits512_DW_mult_uns_27        142             2223.738
   MAU_dut/MULTIPLIER/mult_10_G41 Multiplier_num_bits512_DW_mult_uns_29        142             2223.738
   MAU_dut/MULTIPLIER/mult_10_G42 Multiplier_num_bits512_DW_mult_uns_30        142             2223.738
   MAU_dut/MULTIPLIER/mult_10_G43 Multiplier_num_bits512_DW_mult_uns_31        142             2223.738
   MAU_dut/MULTIPLIER/mult_10_G44 Multiplier_num_bits512_DW_mult_uns_32        142             2223.738
   MAU_dut/MULTIPLIER/mult_10_G45 Multiplier_num_bits512_DW_mult_uns_33        142             2223.738
   MAU_dut/MULTIPLIER/mult_10_G46 Multiplier_num_bits512_DW_mult_uns_34        143             2234.714
   MAU_dut/MULTIPLIER/mult_10_G47 Multiplier_num_bits512_DW_mult_uns_35        142             2223.738
   MAU_dut/MULTIPLIER/mult_10_G48 Multiplier_num_bits512_DW_mult_uns_36        142             2223.738
   MAU_dut/MULTIPLIER/mult_10_G49 Multiplier_num_bits512_DW_mult_uns_37        142             2223.738
   MAU_dut/MULTIPLIER/mult_10_G5  Multiplier_num_bits512_DW_mult_uns_39        142             2223.738
   MAU_dut/MULTIPLIER/mult_10_G50 Multiplier_num_bits512_DW_mult_uns_38        142             2223.738
   MAU_dut/MULTIPLIER/mult_10_G51 Multiplier_num_bits512_DW_mult_uns_40        142             2223.738
   MAU_dut/MULTIPLIER/mult_10_G52 Multiplier_num_bits512_DW_mult_uns_41        142             2223.738
   MAU_dut/MULTIPLIER/mult_10_G53 Multiplier_num_bits512_DW_mult_uns_42        142             2223.738
   MAU_dut/MULTIPLIER/mult_10_G54 Multiplier_num_bits512_DW_mult_uns_43        142             2223.738
   MAU_dut/MULTIPLIER/mult_10_G55 Multiplier_num_bits512_DW_mult_uns_44        142             2223.738
   MAU_dut/MULTIPLIER/mult_10_G56 Multiplier_num_bits512_DW_mult_uns_45        142             2223.738
   MAU_dut/MULTIPLIER/mult_10_G57 Multiplier_num_bits512_DW_mult_uns_46        142             2223.738
   MAU_dut/MULTIPLIER/mult_10_G58 Multiplier_num_bits512_DW_mult_uns_47        142             2223.738
   MAU_dut/MULTIPLIER/mult_10_G59 Multiplier_num_bits512_DW_mult_uns_48        142             2223.738
   MAU_dut/MULTIPLIER/mult_10_G6  Multiplier_num_bits512_DW_mult_uns_50        142             2223.738
   MAU_dut/MULTIPLIER/mult_10_G60 Multiplier_num_bits512_DW_mult_uns_49        142             2223.738
   MAU_dut/MULTIPLIER/mult_10_G61 Multiplier_num_bits512_DW_mult_uns_51        142             2223.738
   MAU_dut/MULTIPLIER/mult_10_G62 Multiplier_num_bits512_DW_mult_uns_52        142             2223.738
   MAU_dut/MULTIPLIER/mult_10_G63 Multiplier_num_bits512_DW_mult_uns_53        142             2223.738
   MAU_dut/MULTIPLIER/mult_10_G64 Multiplier_num_bits512_DW_mult_uns_54        142             2223.738
   MAU_dut/MULTIPLIER/mult_10_G7  Multiplier_num_bits512_DW_mult_uns_55        142             2223.738
   MAU_dut/MULTIPLIER/mult_10_G8  Multiplier_num_bits512_DW_mult_uns_56        142             2223.738
   MAU_dut/MULTIPLIER/mult_10_G9  Multiplier_num_bits512_DW_mult_uns_57        142             2223.738
  MAU_dut/SHIFT                   Shifter_num_bits512                         2942            42701.030
  MAU_dut/SUBTRACTOR              Subtractor_num_bits512                      3125            44744.762
   MAU_dut/SUBTRACTOR/sub_10      Subtractor_num_bits512_DW01_sub_63            49              700.269
   MAU_dut/SUBTRACTOR/sub_10_G10  Subtractor_num_bits512_DW01_sub_54            49              700.269
   MAU_dut/SUBTRACTOR/sub_10_G11  Subtractor_num_bits512_DW01_sub_53            49              700.269
   MAU_dut/SUBTRACTOR/sub_10_G12  Subtractor_num_bits512_DW01_sub_52            49              700.269
   MAU_dut/SUBTRACTOR/sub_10_G13  Subtractor_num_bits512_DW01_sub_51            49              700.269
   MAU_dut/SUBTRACTOR/sub_10_G14  Subtractor_num_bits512_DW01_sub_50            49              700.269
   MAU_dut/SUBTRACTOR/sub_10_G15  Subtractor_num_bits512_DW01_sub_49            49              700.269
   MAU_dut/SUBTRACTOR/sub_10_G16  Subtractor_num_bits512_DW01_sub_48            48              693.683
   MAU_dut/SUBTRACTOR/sub_10_G17  Subtractor_num_bits512_DW01_sub_47            48              693.683
   MAU_dut/SUBTRACTOR/sub_10_G18  Subtractor_num_bits512_DW01_sub_46            49              700.269
   MAU_dut/SUBTRACTOR/sub_10_G19  Subtractor_num_bits512_DW01_sub_45            49              700.269
   MAU_dut/SUBTRACTOR/sub_10_G2   Subtractor_num_bits512_DW01_sub_62            49              700.269
   MAU_dut/SUBTRACTOR/sub_10_G20  Subtractor_num_bits512_DW01_sub_44            49              700.269
   MAU_dut/SUBTRACTOR/sub_10_G21  Subtractor_num_bits512_DW01_sub_43            49              700.269
   MAU_dut/SUBTRACTOR/sub_10_G22  Subtractor_num_bits512_DW01_sub_42            49              700.269
   MAU_dut/SUBTRACTOR/sub_10_G23  Subtractor_num_bits512_DW01_sub_41            48              693.683
   MAU_dut/SUBTRACTOR/sub_10_G24  Subtractor_num_bits512_DW01_sub_40            49              700.269
   MAU_dut/SUBTRACTOR/sub_10_G25  Subtractor_num_bits512_DW01_sub_39            49              700.269
   MAU_dut/SUBTRACTOR/sub_10_G26  Subtractor_num_bits512_DW01_sub_38            49              700.269
   MAU_dut/SUBTRACTOR/sub_10_G27  Subtractor_num_bits512_DW01_sub_37            49              700.269
   MAU_dut/SUBTRACTOR/sub_10_G28  Subtractor_num_bits512_DW01_sub_36            48              693.683
   MAU_dut/SUBTRACTOR/sub_10_G29  Subtractor_num_bits512_DW01_sub_35            49              700.269
   MAU_dut/SUBTRACTOR/sub_10_G3   Subtractor_num_bits512_DW01_sub_61            49              700.269
   MAU_dut/SUBTRACTOR/sub_10_G30  Subtractor_num_bits512_DW01_sub_34            49              700.269
   MAU_dut/SUBTRACTOR/sub_10_G31  Subtractor_num_bits512_DW01_sub_33            48              693.683
   MAU_dut/SUBTRACTOR/sub_10_G32  Subtractor_num_bits512_DW01_sub_32            49              700.269
   MAU_dut/SUBTRACTOR/sub_10_G33  Subtractor_num_bits512_DW01_sub_31            49              700.269
   MAU_dut/SUBTRACTOR/sub_10_G34  Subtractor_num_bits512_DW01_sub_30            49              700.269
   MAU_dut/SUBTRACTOR/sub_10_G35  Subtractor_num_bits512_DW01_sub_29            49              700.269
   MAU_dut/SUBTRACTOR/sub_10_G36  Subtractor_num_bits512_DW01_sub_28            49              700.269
   MAU_dut/SUBTRACTOR/sub_10_G37  Subtractor_num_bits512_DW01_sub_27            49              700.269
   MAU_dut/SUBTRACTOR/sub_10_G38  Subtractor_num_bits512_DW01_sub_26            49              700.269
   MAU_dut/SUBTRACTOR/sub_10_G39  Subtractor_num_bits512_DW01_sub_25            48              693.683
   MAU_dut/SUBTRACTOR/sub_10_G4   Subtractor_num_bits512_DW01_sub_60            49              700.269
   MAU_dut/SUBTRACTOR/sub_10_G40  Subtractor_num_bits512_DW01_sub_24            49              700.269
   MAU_dut/SUBTRACTOR/sub_10_G41  Subtractor_num_bits512_DW01_sub_23            48              693.683
   MAU_dut/SUBTRACTOR/sub_10_G42  Subtractor_num_bits512_DW01_sub_22            49              700.269
   MAU_dut/SUBTRACTOR/sub_10_G43  Subtractor_num_bits512_DW01_sub_21            49              700.269
   MAU_dut/SUBTRACTOR/sub_10_G44  Subtractor_num_bits512_DW01_sub_20            49              700.269
   MAU_dut/SUBTRACTOR/sub_10_G45  Subtractor_num_bits512_DW01_sub_19            48              693.683
   MAU_dut/SUBTRACTOR/sub_10_G46  Subtractor_num_bits512_DW01_sub_18            49              700.269
   MAU_dut/SUBTRACTOR/sub_10_G47  Subtractor_num_bits512_DW01_sub_17            49              700.269
   MAU_dut/SUBTRACTOR/sub_10_G48  Subtractor_num_bits512_DW01_sub_16            49              700.269
   MAU_dut/SUBTRACTOR/sub_10_G49  Subtractor_num_bits512_DW01_sub_15            49              700.269
   MAU_dut/SUBTRACTOR/sub_10_G5   Subtractor_num_bits512_DW01_sub_59            49              700.269
   MAU_dut/SUBTRACTOR/sub_10_G50  Subtractor_num_bits512_DW01_sub_14            49              700.269
   MAU_dut/SUBTRACTOR/sub_10_G51  Subtractor_num_bits512_DW01_sub_13            49              700.269
   MAU_dut/SUBTRACTOR/sub_10_G52  Subtractor_num_bits512_DW01_sub_12            49              700.269
   MAU_dut/SUBTRACTOR/sub_10_G53  Subtractor_num_bits512_DW01_sub_11            49              700.269
   MAU_dut/SUBTRACTOR/sub_10_G54  Subtractor_num_bits512_DW01_sub_10            49              700.269
   MAU_dut/SUBTRACTOR/sub_10_G55  Subtractor_num_bits512_DW01_sub_9             49              700.269
   MAU_dut/SUBTRACTOR/sub_10_G56  Subtractor_num_bits512_DW01_sub_8             49              700.269
   MAU_dut/SUBTRACTOR/sub_10_G57  Subtractor_num_bits512_DW01_sub_7             49              700.269
   MAU_dut/SUBTRACTOR/sub_10_G58  Subtractor_num_bits512_DW01_sub_6             49              700.269
   MAU_dut/SUBTRACTOR/sub_10_G59  Subtractor_num_bits512_DW01_sub_5             49              700.269
   MAU_dut/SUBTRACTOR/sub_10_G6   Subtractor_num_bits512_DW01_sub_58            49              700.269
   MAU_dut/SUBTRACTOR/sub_10_G60  Subtractor_num_bits512_DW01_sub_4             49              700.269
   MAU_dut/SUBTRACTOR/sub_10_G61  Subtractor_num_bits512_DW01_sub_3             49              700.269
   MAU_dut/SUBTRACTOR/sub_10_G62  Subtractor_num_bits512_DW01_sub_2             49              700.269
   MAU_dut/SUBTRACTOR/sub_10_G63  Subtractor_num_bits512_DW01_sub_1             48              693.683
   MAU_dut/SUBTRACTOR/sub_10_G64  Subtractor_num_bits512_DW01_sub_0             49              700.269
   MAU_dut/SUBTRACTOR/sub_10_G7   Subtractor_num_bits512_DW01_sub_57            49              700.269
   MAU_dut/SUBTRACTOR/sub_10_G8   Subtractor_num_bits512_DW01_sub_56            49              700.269
   MAU_dut/SUBTRACTOR/sub_10_G9   Subtractor_num_bits512_DW01_sub_55            47              687.098
 pad_out0                         pad_out_buffered                               3            21003.366
 pad_out1                         pad_out_buffered_SPC_1                         3            21003.366
 pad_out2                         pad_out_buffered_SPC_2                         3            21003.366
 pad_out3                         pad_out_buffered_SPC_3                         3            21005.562
 pad_out4                         pad_out_buffered_SPC_4                         3            21005.562
 pad_out5                         pad_out_buffered_SPC_5                         3            21005.562
 pad_out6                         pad_out_buffered_SPC_6                         3            21005.562
 pad_out7                         pad_out_buffered_SPC_7                         3            21005.562
 pad_out8                         pad_out_buffered_SPC_8                         3            21005.562
